// Jest Snapshot v1, https://goo.gl/fbAQLP

exports[`should render Header correctly 1`] = `
<div>
  404! This page not found. 
  <Link
    to="/"
  >
    Go Home
  </Link>
</div>
`;
